---
source: cli/src/handlers/smoke_tests.rs
expression: "String::from_utf8(stdout.0.clone()).unwrap()"
---
Daemon response:
Some(
    ArtistBrief {
        id: Thing {
            tb: "artist",
            id: String(
                "01J1K5B6RJ84WJXCWYJ5WNE12E",
            ),
        },
        name: "Test Artist",
    },
)
