---
source: cli/src/handlers/smoke_tests.rs
expression: "String::from_utf8(stdout.0.clone()).unwrap()"
---
Daemon response:
Dynamic Playlist updated
DynamicPlaylist { id: Thing { tb: "dynamic", id: String("01J1K5B6RJ84WJXCWYJ5WNE12E") }, name: "Updated Dynamic Playlist", query: Query { root: Leaf(LeafClause { left: Field(Title), operator: Equal, right: String("Test Song") }) } }
