---
source: cli/src/handlers/smoke_tests.rs
expression: "String::from_utf8(stderr.0.clone()).unwrap()"
---

