---
source: cli/src/handlers/smoke_tests.rs
expression: "String::from_utf8(stdout.0.clone()).unwrap()"
---
Daemon response:
Err(Database("SurrealDB error: Serialization error: missing field `name`"))
