---
source: cli/src/handlers/smoke_tests.rs
expression: "String::from_utf8(stdout.0.clone()).unwrap()"
---
Daemon response:
Dynamic Playlists:
	dynamic:01J1K5B6RJ84WJXCWYJ5WNE12E: "Test Dynamic" (title = "Test Song")
