---
source: cli/src/handlers/smoke_tests.rs
expression: "String::from_utf8(stdout.0.clone()).unwrap()"
---
Daemon response:
Collections:
	collection:01J1K5B6RJ84WJXCWYJ5WNE12E: "Collection 0" (1 songs, 180s)
